// Jest Snapshot v1, https://goo.gl/fbAQLP

exports[`should render the Home Page 1`] = `
Array [
  <div
    className="nav-wrapper flex"
  >
    <div
      className="logo"
    >
      Math Magician
    </div>
    <div
      className="nav flex"
    >
      <a
        className="nav-link"
        href="/"
        onClick={[Function]}
      >
        Home 
      </a>
      <a
        className="nav-link"
        href="/calculator"
        onClick={[Function]}
      >
        Calculator 
      </a>
      <a
        className="nav-link"
        href="/quote"
        onClick={[Function]}
      >
        Quote 
      </a>
    </div>
  </div>,
  <div
    className="content"
  >
    <div>
      <h1>
        Welcome to our page!
      </h1>
    </div>
    <div
      className="home-content"
    >
      <p>
        Lorem ipsum dolor sit amet, consectetur adipisicing elit, sed do eiusmod tempor incididunt ut labore et dolore magna aliqua. Ut enim ad minim veniam, quis nostrud exercitation ullamco laboris nisi ut aliquip ex ea commodo consequat. Duis aute irure dolor in reprehenderit in voluptate velit esse cillum dolore eu fugiat nulla pariatur. Excepteur sint occaecat cupidatat non proident, sunt in culpa qui o!cia deserunt mollit anim id est laborum. Ipsu
      </p>
      <p>
        Lorem ipsum dolor sit amet, consectetur adipisicing elit, sed do eiusmod tempor incididunt ut labore et dolore magna aliqua. Ut enim ad minim veniam, quis nostrud exercitation ullamco laboris nisi ut aliquip ex ea commodo consequat. Duis aute irure dolor in reprehenderit in voluptate velit esse cillum dolore eu fugiat nulla pariatur. Excepteur sint occaecat cupidatat non proident, sunt in culpa qui o!cia deserunt mollit anim id est laborum. Ipsu
      </p>
    </div>
  </div>,
]
`;
